app/(dashboard)/almacen/incidencias-retorno/page.tsx(110,21): error TS2322: Type 'string | Date' is not assignable to type 'string'.
  Type 'Date' is not assignable to type 'string'.
app/(dashboard)/almacen/incidencias/page.tsx(139,34): error TS18048: 'sheet.itemStates' is possibly 'undefined'.
app/(dashboard)/almacen/incidencias/page.tsx(204,26): error TS18048: 'sheet.itemStates' is possibly 'undefined'.
app/(dashboard)/almacen/retornos/[id]/page.tsx(234,69): error TS2552: Cannot find name 'sheet'. Did you mean 'dbSheet'?
app/(dashboard)/almacen/retornos/[id]/page.tsx(235,62): error TS2552: Cannot find name 'sheet'. Did you mean 'dbSheet'?
app/(dashboard)/almacen/retornos/[id]/page.tsx(239,64): error TS2552: Cannot find name 'sheet'. Did you mean 'dbSheet'?
app/(dashboard)/almacen/retornos/[id]/page.tsx(324,75): error TS2552: Cannot find name 'sheet'. Did you mean 'dbSheet'?
app/(dashboard)/almacen/retornos/[id]/page.tsx(342,60): error TS2552: Cannot find name 'sheet'. Did you mean 'dbSheet'?
app/(dashboard)/almacen/retornos/page.tsx(62,41): error TS2769: No overload matches this call.
  Overload 1 of 4, '(value: string | number | Date): Date', gave the following error.
    Argument of type 'string | Date | undefined' is not assignable to parameter of type 'string | number | Date'.
      Type 'undefined' is not assignable to type 'string | number | Date'.
  Overload 2 of 4, '(value: string | number): Date', gave the following error.
    Argument of type 'string | Date | undefined' is not assignable to parameter of type 'string | number'.
      Type 'undefined' is not assignable to type 'string | number'.
app/(dashboard)/almacen/retornos/page.tsx(77,40): error TS2769: No overload matches this call.
  Overload 1 of 4, '(value: string | number | Date): Date', gave the following error.
    Argument of type 'string | Date | undefined' is not assignable to parameter of type 'string | number | Date'.
      Type 'undefined' is not assignable to type 'string | number | Date'.
  Overload 2 of 4, '(value: string | number): Date', gave the following error.
    Argument of type 'string | Date | undefined' is not assignable to parameter of type 'string | number'.
      Type 'undefined' is not assignable to type 'string | number'.
app/(dashboard)/almacen/retornos/page.tsx(77,72): error TS2769: No overload matches this call.
  Overload 1 of 4, '(value: string | number | Date): Date', gave the following error.
    Argument of type 'string | Date | undefined' is not assignable to parameter of type 'string | number | Date'.
      Type 'undefined' is not assignable to type 'string | number | Date'.
  Overload 2 of 4, '(value: string | number): Date', gave the following error.
    Argument of type 'string | Date | undefined' is not assignable to parameter of type 'string | number'.
      Type 'undefined' is not assignable to type 'string | number'.
app/(dashboard)/almacen/retornos/page.tsx(164,73): error TS2769: No overload matches this call.
  Overload 1 of 4, '(value: string | number | Date): Date', gave the following error.
    Argument of type 'string | Date | undefined' is not assignable to parameter of type 'string | number | Date'.
      Type 'undefined' is not assignable to type 'string | number | Date'.
  Overload 2 of 4, '(value: string | number): Date', gave the following error.
    Argument of type 'string | Date | undefined' is not assignable to parameter of type 'string | number'.
      Type 'undefined' is not assignable to type 'string | number'.
app/(dashboard)/analitica/entregas/page.tsx(363,36): error TS2339: Property 'nombreProveedor' does not exist on type 'TransporteOrder'.
app/(dashboard)/analitica/entregas/page.tsx(364,34): error TS2551: Property 'tipoTransporteId' does not exist on type 'TransporteOrder'. Did you mean 'tipoTransporte'?
app/(dashboard)/analitica/page.tsx(136,133): error TS2345: Argument of type 'string | Date | undefined' is not assignable to parameter of type 'string'.
  Type 'undefined' is not assignable to type 'string'.
app/(dashboard)/analitica/page.tsx(163,56): error TS2339: Property 'find' does not exist on type 'PersonalExterno | PersonalExterno[]'.
  Property 'find' does not exist on type 'PersonalExterno'.
app/(dashboard)/analitica/page.tsx(398,122): error TS18048: 'totals.margen' is possibly 'undefined'.
app/(dashboard)/atipicos/pedido/page.tsx(124,45): error TS2345: Argument of type '{ id: string; fecha: string; status: "Pendiente" | "Aprobado" | "Rechazado"; precio: number; concepto: string; observaciones?: string | undefined; }' is not assignable to parameter of type 'AtipicoOrder'.
  Property 'osId' is missing in type '{ id: string; fecha: string; status: "Pendiente" | "Aprobado" | "Rechazado"; precio: number; concepto: string; observaciones?: string | undefined; }' but required in type 'AtipicoOrder'.
app/(dashboard)/atipicos/pedido/page.tsx(127,45): error TS2345: Argument of type '{ fecha: string; status: "Pendiente" | "Aprobado" | "Rechazado"; precio: number; concepto: string; observaciones?: string | undefined; }' is not assignable to parameter of type 'Omit<AtipicoOrder, "id">'.
  Property 'osId' is missing in type '{ fecha: string; status: "Pendiente" | "Aprobado" | "Rechazado"; precio: number; concepto: string; observaciones?: string | undefined; }' but required in type 'Omit<AtipicoOrder, "id">'.
app/(dashboard)/bd/articulos-entregas/components/ArticuloEntregasForm.tsx(124,40): error TS2345: Argument of type '{ tipoArticulo: "entregas"; imagenes: ImagenArticulo[]; nombre: string; categoria: string; producidoPorPartner: boolean; referenciaArticuloEntregas: string; dptEntregas: "CPR" | ... 2 more ... | "PARTNER"; ... 13 more ...; docDriveUrl?: string | undefined; }' is not assignable to parameter of type 'Partial<ArticuloCatering> & { packs?: { erpId: string; cantidad: number; }[] | undefined; }'.
  Type '{ tipoArticulo: "entregas"; imagenes: ImagenArticulo[]; nombre: string; categoria: string; producidoPorPartner: boolean; referenciaArticuloEntregas: string; dptEntregas: "CPR" | ... 2 more ... | "PARTNER"; ... 13 more ...; docDriveUrl?: string | undefined; }' is not assignable to type 'Partial<ArticuloCatering>'.
    Types of property 'categoria' are incompatible.
      Type 'string' is not assignable to type '"Almacén" | "Gastronomía" | "Bio" | "Bebida" | "Alquiler" | "Otros" | undefined'.
app/(dashboard)/bd/articulos-entregas/components/ArticuloEntregasForm.tsx(423,9): error TS2322: Type '{ isOpen: boolean; onClose: () => void; onSelect: (packs: PackItem[]) => void; initialPacks: PackItem[]; }' is not assignable to type 'IntrinsicAttributes & { open: boolean; onOpenChange: (open: boolean) => void; onApply: (packs: PackItem[]) => void; articulosERP: { id: string; nombreProductoERP: string; ... 15 more ...; observaciones?: string | undefined; }[]; searchTerm: string; setSearchTerm: (term: string) => void; initialPacks?: PackItem[] | u...'.
  Property 'isOpen' does not exist on type 'IntrinsicAttributes & { open: boolean; onOpenChange: (open: boolean) => void; onApply: (packs: PackItem[]) => void; articulosERP: { id: string; nombreProductoERP: string; ... 15 more ...; observaciones?: string | undefined; }[]; searchTerm: string; setSearchTerm: (term: string) => void; initialPacks?: PackItem[] | u...'. Did you mean 'open'?
app/(dashboard)/bd/articulos-entregas/page.tsx(147,45): error TS2353: Object literal may only specify known properties, and 'render' does not exist in type 'MobileTableColumn<ArticuloCatering>'.
app/(dashboard)/bd/articulos-entregas/page.tsx(147,54): error TS7006: Parameter 'item' implicitly has an 'any' type.
app/(dashboard)/bd/articulos-entregas/page.tsx(148,42): error TS2353: Object literal may only specify known properties, and 'render' does not exist in type 'MobileTableColumn<ArticuloCatering>'.
app/(dashboard)/bd/articulos-entregas/page.tsx(148,51): error TS7006: Parameter 'item' implicitly has an 'any' type.
app/(dashboard)/bd/articulos-entregas/page.tsx(295,46): error TS2345: Argument of type '{ id: any; erpId: any; nombre: any; categoria: any; referenciaArticuloEntregas: any; dptEntregas: any; precioCoste: number; precioCosteAlquiler: number | null; precioAlquilerEntregas: number; ... 12 more ...; tipoArticulo: string; }' is not assignable to parameter of type 'Partial<ArticuloCatering> & { packs?: { erpId: string; cantidad: number; }[] | undefined; }'.
  Type '{ id: any; erpId: any; nombre: any; categoria: any; referenciaArticuloEntregas: any; dptEntregas: any; precioCoste: number; precioCosteAlquiler: number | null; precioAlquilerEntregas: number; ... 12 more ...; tipoArticulo: string; }' is not assignable to type 'Partial<ArticuloCatering>'.
    Types of property 'tipoArticulo' are incompatible.
      Type 'string' is not assignable to type '"micecatering" | "entregas" | undefined'.
app/(dashboard)/bd/articulos/components/ArticuloForm.tsx(124,40): error TS2345: Argument of type '{ tipoArticulo: "micecatering"; imagenes: ImagenArticulo[]; nombre: string; id: string; precioAlquiler: number; categoria: string; precioVenta: number; alergenos: { nombre: string; tipo: "presente" | "trazas"; }[]; ... 10 more ...; docDriveUrl?: string | undefined; }' is not assignable to parameter of type 'Partial<ArticuloCatering> & { packs?: { erpId: string; cantidad: number; }[] | undefined; }'.
  Type '{ tipoArticulo: "micecatering"; imagenes: ImagenArticulo[]; nombre: string; id: string; precioAlquiler: number; categoria: string; precioVenta: number; alergenos: { nombre: string; tipo: "presente" | "trazas"; }[]; ... 10 more ...; docDriveUrl?: string | undefined; }' is not assignable to type 'Partial<ArticuloCatering>'.
    Types of property 'categoria' are incompatible.
      Type 'string' is not assignable to type '"Almacén" | "Gastronomía" | "Bio" | "Bebida" | "Alquiler" | "Otros" | undefined'.
app/(dashboard)/bd/atipicos-db/page.tsx(159,7): error TS2353: Object literal may only specify known properties, and 'header' does not exist in type 'MobileTableColumn<AtipicoCatalogo>'.
app/(dashboard)/bd/atipicos-db/page.tsx(160,16): error TS7006: Parameter 'item' implicitly has an 'any' type.
app/(dashboard)/bd/atipicos-db/page.tsx(165,7): error TS2353: Object literal may only specify known properties, and 'header' does not exist in type 'MobileTableColumn<AtipicoCatalogo>'.
app/(dashboard)/bd/atipicos-db/page.tsx(166,16): error TS7006: Parameter 'item' implicitly has an 'any' type.
app/(dashboard)/bd/atipicos-db/page.tsx(312,15): error TS2322: Type '{ data: AtipicoCatalogo[]; columns: MobileTableColumn<AtipicoCatalogo>[]; onEdit: (item: any) => void; onDelete: (item: any) => void; selectedIds: string[]; onToggleSelect: (id: string) => void; }' is not assignable to type 'IntrinsicAttributes & MobileTableViewProps<AtipicoCatalogo>'.
  Property 'onEdit' does not exist on type 'IntrinsicAttributes & MobileTableViewProps<AtipicoCatalogo>'.
app/(dashboard)/bd/atipicos-db/page.tsx(312,24): error TS7006: Parameter 'item' implicitly has an 'any' type.
app/(dashboard)/bd/atipicos-db/page.tsx(316,26): error TS7006: Parameter 'item' implicitly has an 'any' type.
app/(dashboard)/bd/categorias-recetas/[id]/page.tsx(83,49): error TS2304: Cannot find name 'isLoading'.
app/(dashboard)/bd/categorias-recetas/[id]/page.tsx(84,20): error TS2304: Cannot find name 'isLoading'.
app/(dashboard)/bd/categorias-recetas/page.tsx(137,7): error TS2353: Object literal may only specify known properties, and 'header' does not exist in type 'MobileTableColumn<any>'.
app/(dashboard)/bd/categorias-recetas/page.tsx(138,16): error TS7006: Parameter 'item' implicitly has an 'any' type.
app/(dashboard)/bd/categorias-recetas/page.tsx(143,7): error TS2353: Object literal may only specify known properties, and 'header' does not exist in type 'MobileTableColumn<any>'.
app/(dashboard)/bd/categorias-recetas/page.tsx(144,16): error TS7006: Parameter 'item' implicitly has an 'any' type.
app/(dashboard)/bd/categorias-recetas/page.tsx(302,15): error TS2322: Type '{ data: any[]; columns: MobileTableColumn<any>[]; onEdit: (item: any) => void; onDelete: (item: any) => void; selectedIds: string[]; onToggleSelect: (id: string) => void; }' is not assignable to type 'IntrinsicAttributes & MobileTableViewProps<any>'.
  Property 'onEdit' does not exist on type 'IntrinsicAttributes & MobileTableViewProps<any>'.
app/(dashboard)/bd/categorias-recetas/page.tsx(302,24): error TS7006: Parameter 'item' implicitly has an 'any' type.
app/(dashboard)/bd/categorias-recetas/page.tsx(306,26): error TS7006: Parameter 'item' implicitly has an 'any' type.
app/(dashboard)/bd/costes-fijos-cpr/page.tsx(125,13): error TS2353: Object literal may only specify known properties, and 'header' does not exist in type 'MobileTableColumn<any>'.
app/(dashboard)/bd/costes-fijos-cpr/page.tsx(126,22): error TS7006: Parameter 'item' implicitly has an 'any' type.
app/(dashboard)/bd/costes-fijos-cpr/page.tsx(131,13): error TS2353: Object literal may only specify known properties, and 'header' does not exist in type 'MobileTableColumn<any>'.
app/(dashboard)/bd/costes-fijos-cpr/page.tsx(132,22): error TS7006: Parameter 'item' implicitly has an 'any' type.
app/(dashboard)/bd/costes-fijos-cpr/page.tsx(261,29): error TS2322: Type '{ data: { id: any; concepto: any; importeMensual: any; }[]; columns: MobileTableColumn<any>[]; onEdit: (item: any) => void; onDelete: (item: any) => void; selectedIds: string[]; onToggleSelect: (id: string) => void; }' is not assignable to type 'IntrinsicAttributes & MobileTableViewProps<{ id: any; concepto: any; importeMensual: any; }>'.
  Property 'onEdit' does not exist on type 'IntrinsicAttributes & MobileTableViewProps<{ id: any; concepto: any; importeMensual: any; }>'.
app/(dashboard)/bd/costes-fijos-cpr/page.tsx(261,38): error TS7006: Parameter 'item' implicitly has an 'any' type.
app/(dashboard)/bd/costes-fijos-cpr/page.tsx(265,40): error TS7006: Parameter 'item' implicitly has an 'any' type.
app/(dashboard)/bd/decoracion-db/page.tsx(159,7): error TS2353: Object literal may only specify known properties, and 'header' does not exist in type 'MobileTableColumn<DecoracionCatalogo>'.
app/(dashboard)/bd/decoracion-db/page.tsx(160,16): error TS7006: Parameter 'item' implicitly has an 'any' type.
app/(dashboard)/bd/decoracion-db/page.tsx(165,7): error TS2353: Object literal may only specify known properties, and 'header' does not exist in type 'MobileTableColumn<DecoracionCatalogo>'.
app/(dashboard)/bd/decoracion-db/page.tsx(166,16): error TS7006: Parameter 'item' implicitly has an 'any' type.
app/(dashboard)/bd/decoracion-db/page.tsx(312,15): error TS2322: Type '{ data: DecoracionCatalogo[]; columns: MobileTableColumn<DecoracionCatalogo>[]; onEdit: (item: any) => void; onDelete: (item: any) => void; selectedIds: string[]; onToggleSelect: (id: string) => void; }' is not assignable to type 'IntrinsicAttributes & MobileTableViewProps<DecoracionCatalogo>'.
  Property 'onEdit' does not exist on type 'IntrinsicAttributes & MobileTableViewProps<DecoracionCatalogo>'.
app/(dashboard)/bd/decoracion-db/page.tsx(312,24): error TS7006: Parameter 'item' implicitly has an 'any' type.
app/(dashboard)/bd/decoracion-db/page.tsx(316,26): error TS7006: Parameter 'item' implicitly has an 'any' type.
app/(dashboard)/bd/espacios/page.tsx(82,15): error TS2339: Property 'direccion' does not exist on type 'EspacioV2'.
app/(dashboard)/bd/espacios/page.tsx(134,7): error TS2353: Object literal may only specify known properties, and 'header' does not exist in type 'MobileTableColumn<EspacioV2>'.
app/(dashboard)/bd/espacios/page.tsx(135,16): error TS7006: Parameter 'item' implicitly has an 'any' type.
app/(dashboard)/bd/espacios/page.tsx(140,7): error TS2353: Object literal may only specify known properties, and 'header' does not exist in type 'MobileTableColumn<EspacioV2>'.
app/(dashboard)/bd/espacios/page.tsx(141,16): error TS7006: Parameter 'item' implicitly has an 'any' type.
app/(dashboard)/bd/espacios/page.tsx(185,72): error TS2554: Expected 0 arguments, but got 2.
app/(dashboard)/bd/espacios/page.tsx(257,77): error TS2339: Property 'direccion' does not exist on type 'EspacioV2'.
app/(dashboard)/bd/espacios/page.tsx(294,15): error TS2322: Type '{ data: EspacioV2[]; columns: MobileTableColumn<EspacioV2>[]; onEdit: (item: any) => void; onDelete: (item: any) => void; selectedIds: string[]; onToggleSelect: (id: string) => void; }' is not assignable to type 'IntrinsicAttributes & MobileTableViewProps<EspacioV2>'.
  Property 'onEdit' does not exist on type 'IntrinsicAttributes & MobileTableViewProps<EspacioV2>'.
app/(dashboard)/bd/espacios/page.tsx(294,24): error TS7006: Parameter 'item' implicitly has an 'any' type.
app/(dashboard)/bd/espacios/page.tsx(295,26): error TS7006: Parameter 'item' implicitly has an 'any' type.
app/(dashboard)/bd/espacios/page.tsx(309,24): error TS2322: Type '{ onImportComplete: () => void; }' is not assignable to type 'IntrinsicAttributes & CSVImporterProps'.
  Property 'onImportComplete' does not exist on type 'IntrinsicAttributes & CSVImporterProps'.
app/(dashboard)/bd/familiasERP/page.tsx(105,43): error TS2559: Type '{ id: any; codigo: any; nombre: any; categoria_padre: any; }[]' has no properties in common with type 'Partial<FamiliaERP>'.
app/(dashboard)/bd/familiasERP/page.tsx(192,14): error TS2304: Cannot find name 'Search'.
app/(dashboard)/bd/formatos-expedicion/[id]/page.tsx(82,49): error TS2304: Cannot find name 'isLoading'.
app/(dashboard)/bd/formatos-expedicion/[id]/page.tsx(83,20): error TS2304: Cannot find name 'isLoading'.
app/(dashboard)/bd/formatos-expedicion/page.tsx(185,14): error TS2304: Cannot find name 'Search'.
app/(dashboard)/bd/objetivos-gasto/page.tsx(128,7): error TS2353: Object literal may only specify known properties, and 'header' does not exist in type 'MobileTableColumn<ObjetivosGasto>'.
app/(dashboard)/bd/objetivos-gasto/page.tsx(129,16): error TS7006: Parameter 'item' implicitly has an 'any' type.
app/(dashboard)/bd/objetivos-gasto/page.tsx(134,7): error TS2353: Object literal may only specify known properties, and 'header' does not exist in type 'MobileTableColumn<ObjetivosGasto>'.
app/(dashboard)/bd/objetivos-gasto/page.tsx(135,16): error TS7006: Parameter 'item' implicitly has an 'any' type.
app/(dashboard)/bd/objetivos-gasto/page.tsx(284,15): error TS2322: Type '{ data: ObjetivosGasto[]; columns: MobileTableColumn<ObjetivosGasto>[]; onEdit: (item: any) => void; onDelete: (item: any) => void; selectedIds: string[]; onToggleSelect: (id: string) => void; }' is not assignable to type 'IntrinsicAttributes & MobileTableViewProps<ObjetivosGasto>'.
  Property 'onEdit' does not exist on type 'IntrinsicAttributes & MobileTableViewProps<ObjetivosGasto>'.
app/(dashboard)/bd/objetivos-gasto/page.tsx(284,24): error TS7006: Parameter 'item' implicitly has an 'any' type.
app/(dashboard)/bd/objetivos-gasto/page.tsx(288,26): error TS7006: Parameter 'item' implicitly has an 'any' type.
app/(dashboard)/bd/personal-externo-db/page.tsx(184,16): error TS2304: Cannot find name 'Users'.
app/(dashboard)/bd/personal-externo-db/page.tsx(215,16): error TS2304: Cannot find name 'Plus'.
app/(dashboard)/bd/personal-externo-db/page.tsx(294,26): error TS2304: Cannot find name 'Badge'.
app/(dashboard)/bd/personal-externo-db/page.tsx(296,27): error TS2304: Cannot find name 'Badge'.
app/(dashboard)/bd/plantillas-pedidos/page.tsx(51,9): error TS2339: Property 'description' does not exist on type '{ id: string; nombreProductoERP: string; precioCompra: number; unidadConversion: number; precio: number; unidad: "L" | "KG" | "UD"; alquiler: boolean; idreferenciaerp?: string | undefined; ... 9 more ...; observaciones?: string | undefined; }'.
app/(dashboard)/bd/plantillas-pedidos/page.tsx(52,9): error TS2339: Property 'itemCode' does not exist on type '{ id: string; nombreProductoERP: string; precioCompra: number; unidadConversion: number; precio: number; unidad: "L" | "KG" | "UD"; alquiler: boolean; idreferenciaerp?: string | undefined; ... 9 more ...; observaciones?: string | undefined; }'.
app/(dashboard)/bd/plantillas-pedidos/page.tsx(72,48): error TS2339: Property 'itemCode' does not exist on type '{ id: string; nombreProductoERP: string; precioCompra: number; unidadConversion: number; precio: number; unidad: "L" | "KG" | "UD"; alquiler: boolean; idreferenciaerp?: string | undefined; ... 9 more ...; observaciones?: string | undefined; }'.
app/(dashboard)/bd/plantillas-pedidos/page.tsx(82,28): error TS2339: Property 'itemCode' does not exist on type '{ id: string; nombreProductoERP: string; precioCompra: number; unidadConversion: number; precio: number; unidad: "L" | "KG" | "UD"; alquiler: boolean; idreferenciaerp?: string | undefined; ... 9 more ...; observaciones?: string | undefined; }'.
app/(dashboard)/bd/plantillas-pedidos/page.tsx(83,31): error TS2339: Property 'description' does not exist on type '{ id: string; nombreProductoERP: string; precioCompra: number; unidadConversion: number; precio: number; unidad: "L" | "KG" | "UD"; alquiler: boolean; idreferenciaerp?: string | undefined; ... 9 more ...; observaciones?: string | undefined; }'.
app/(dashboard)/bd/plantillas-pedidos/page.tsx(275,34): error TS2339: Property 'itemCode' does not exist on type '{ id: string; nombreProductoERP: string; precioCompra: number; unidadConversion: number; precio: number; unidad: "L" | "KG" | "UD"; alquiler: boolean; idreferenciaerp?: string | undefined; ... 9 more ...; observaciones?: string | undefined; }'.
app/(dashboard)/bd/plantillas-pedidos/page.tsx(278,51): error TS2339: Property 'itemCode' does not exist on type '{ id: string; nombreProductoERP: string; precioCompra: number; unidadConversion: number; precio: number; unidad: "L" | "KG" | "UD"; alquiler: boolean; idreferenciaerp?: string | undefined; ... 9 more ...; observaciones?: string | undefined; }'.
app/(dashboard)/bd/plantillas-pedidos/page.tsx(279,45): error TS2339: Property 'description' does not exist on type '{ id: string; nombreProductoERP: string; precioCompra: number; unidadConversion: number; precio: number; unidad: "L" | "KG" | "UD"; alquiler: boolean; idreferenciaerp?: string | undefined; ... 9 more ...; observaciones?: string | undefined; }'.
app/(dashboard)/bd/plantillas-pedidos/page.tsx(282,80): error TS2339: Property 'description' does not exist on type '{ id: string; nombreProductoERP: string; precioCompra: number; unidadConversion: number; precio: number; unidad: "L" | "KG" | "UD"; alquiler: boolean; idreferenciaerp?: string | undefined; ... 9 more ...; observaciones?: string | undefined; }'.
app/(dashboard)/bd/plantillas-pedidos/page.tsx(283,127): error TS2339: Property 'itemCode' does not exist on type '{ id: string; nombreProductoERP: string; precioCompra: number; unidadConversion: number; precio: number; unidad: "L" | "KG" | "UD"; alquiler: boolean; idreferenciaerp?: string | undefined; ... 9 more ...; observaciones?: string | undefined; }'.
app/(dashboard)/book/analitica/diferencias-escandallo/page.tsx(250,53): error TS2322: Type 'EscandalloSnapshot[]' is not assignable to type '{ fecha: string; precio: number; cantidad: number; }[]'.
  Type 'EscandalloSnapshot' is not assignable to type '{ fecha: string; precio: number; cantidad: number; }'.
    Types of property 'cantidad' are incompatible.
      Type 'number | undefined' is not assignable to type 'number'.
        Type 'undefined' is not assignable to type 'number'.
app/(dashboard)/book/elaboraciones/[[...id]]/page.tsx(1364,101): error TS2769: No overload matches this call.
  Overload 1 of 4, '(value: string | number | Date): Date', gave the following error.
    Argument of type 'string | null | undefined' is not assignable to parameter of type 'string | number | Date'.
      Type 'undefined' is not assignable to type 'string | number | Date'.
  Overload 2 of 4, '(value: string | number): Date', gave the following error.
    Argument of type 'string | null | undefined' is not assignable to parameter of type 'string | number'.
      Type 'undefined' is not assignable to type 'string | number'.
app/(dashboard)/book/informe/page.tsx(105,54): error TS7006: Parameter 'elabEnReceta' implicitly has an 'any' type.
app/(dashboard)/book/informe/page.tsx(110,61): error TS2339: Property 'costePorUnidad' does not exist on type '{ id: any; nombre: any; partidaProduccion: any; unidadProduccion: any; instruccionesPreparacion: any; caducidadDias: any; costeUnitario: any; produccionTotal: any; requiereRevision: any; comentarioRevision: any; ... 7 more ...; componentes: { ...; }[]; }'.
app/(dashboard)/book/informe/page.tsx(111,113): error TS2339: Property 'costeMateriaPrima' does not exist on type '{ id: any; nombre: any; descripcionComercial: any; precioVenta: any; costeTeorico: any; estado: any; isArchived: any; visibleParaComerciales: boolean; responsableEscandallo: string; categoria: any; ... 10 more ...; alergenos: any[]; }'.
app/(dashboard)/book/recetas/[id]/page.tsx(91,9): error TS2322: Type '{ id: any; nombre: any; partidaProduccion: any; unidadProduccion: any; instruccionesPreparacion: any; caducidadDias: any; costeUnitario: any; produccionTotal: any; requiereRevision: any; comentarioRevision: any; ... 7 more ...; componentes: { ...; }[]; }[]' is not assignable to type 'Elaboracion[]'.
  Type '{ id: any; nombre: any; partidaProduccion: any; unidadProduccion: any; instruccionesPreparacion: any; caducidadDias: any; costeUnitario: any; produccionTotal: any; requiereRevision: any; comentarioRevision: any; ... 7 more ...; componentes: { ...; }[]; }' is not assignable to type 'Elaboracion'.
    Types of property 'tipoExpedicion' are incompatible.
      Type '"CALIENTE" | "REFRIGERADO" | "CONGELADO" | "AMBIENTE"' is not assignable to type '"REFRIGERADO" | "CONGELADO" | "SECO"'.
        Type '"CALIENTE"' is not assignable to type '"REFRIGERADO" | "CONGELADO" | "SECO"'.
app/(dashboard)/book/recetas/page.tsx(53,34): error TS2339: Property 'costePorUnidad' does not exist on type '{ id: any; nombre: any; partidaProduccion: any; unidadProduccion: any; instruccionesPreparacion: any; caducidadDias: any; costeUnitario: any; produccionTotal: any; requiereRevision: any; comentarioRevision: any; ... 7 more ...; componentes: { ...; }[]; }'.
app/(dashboard)/book/recetas/page.tsx(58,55): error TS2339: Property 'porcentajeCosteProduccion' does not exist on type '{ id: any; nombre: any; descripcionComercial: any; precioVenta: any; costeTeorico: any; estado: any; isArchived: any; visibleParaComerciales: boolean; responsableEscandallo: string; categoria: any; ... 10 more ...; alergenos: any[]; }'.
app/(dashboard)/book/recetas/page.tsx(82,7): error TS2322: Type '{ id: any; nombre: any; descripcionComercial: any; precioVenta: any; costeTeorico: any; estado: any; isArchived: any; visibleParaComerciales: boolean; responsableEscandallo: string; categoria: any; ... 10 more ...; alergenos: any[]; }[]' is not assignable to type 'Receta[]'.
  Type '{ id: any; nombre: any; descripcionComercial: any; precioVenta: any; costeTeorico: any; estado: any; isArchived: any; visibleParaComerciales: boolean; responsableEscandallo: string; categoria: any; ... 10 more ...; alergenos: any[]; }' is missing the following properties from type 'Receta': porcentajeCosteProduccion, fotosMiseEnPlace, fotosRegeneracion, fotosEmplatado, fotosComerciales
app/(dashboard)/control-explotacion/cpr/costeMP/page.tsx(58,49): error TS2769: No overload matches this call.
  Overload 1 of 4, '(value: string | number | Date): Date', gave the following error.
    Argument of type 'string | Date | undefined' is not assignable to parameter of type 'string | number | Date'.
      Type 'undefined' is not assignable to type 'string | number | Date'.
  Overload 2 of 4, '(value: string | number): Date', gave the following error.
    Argument of type 'string | Date | undefined' is not assignable to parameter of type 'string | number'.
      Type 'undefined' is not assignable to type 'string | number'.
app/(dashboard)/control-explotacion/cpr/costeMP/page.tsx(74,56): error TS2339: Property 'costeMateriaPrima' does not exist on type '{ id: any; nombre: any; descripcionComercial: any; precioVenta: any; costeTeorico: any; estado: any; isArchived: any; visibleParaComerciales: boolean; responsableEscandallo: string; categoria: any; ... 10 more ...; alergenos: any[]; }'.
app/(dashboard)/control-explotacion/cpr/costeMP/page.tsx(76,29): error TS2322: Type 'string | Date' is not assignable to type 'string'.
  Type 'Date' is not assignable to type 'string'.
app/(dashboard)/control-explotacion/cpr/page.tsx(177,49): error TS2769: No overload matches this call.
  Overload 1 of 4, '(value: string | number | Date): Date', gave the following error.
    Argument of type 'string | Date | undefined' is not assignable to parameter of type 'string | number | Date'.
      Type 'undefined' is not assignable to type 'string | number | Date'.
  Overload 2 of 4, '(value: string | number): Date', gave the following error.
    Argument of type 'string | Date | undefined' is not assignable to parameter of type 'string | number'.
      Type 'undefined' is not assignable to type 'string | number'.
app/(dashboard)/control-explotacion/cpr/page.tsx(204,48): error TS2339: Property 'costeMateriaPrima' does not exist on type '{ id: any; nombre: any; descripcionComercial: any; precioVenta: any; costeTeorico: any; estado: any; isArchived: any; visibleParaComerciales: boolean; responsableEscandallo: string; categoria: any; ... 10 more ...; alergenos: any[]; }'.
app/(dashboard)/control-explotacion/cpr/page.tsx(292,49): error TS2769: No overload matches this call.
  Overload 1 of 4, '(value: string | number | Date): Date', gave the following error.
    Argument of type 'string | Date | undefined' is not assignable to parameter of type 'string | number | Date'.
      Type 'undefined' is not assignable to type 'string | number | Date'.
  Overload 2 of 4, '(value: string | number): Date', gave the following error.
    Argument of type 'string | Date | undefined' is not assignable to parameter of type 'string | number'.
      Type 'undefined' is not assignable to type 'string | number'.
app/(dashboard)/control-explotacion/cpr/page.tsx(306,52): error TS2339: Property 'costeMateriaPrima' does not exist on type '{ id: any; nombre: any; descripcionComercial: any; precioVenta: any; costeTeorico: any; estado: any; isArchived: any; visibleParaComerciales: boolean; responsableEscandallo: string; categoria: any; ... 10 more ...; alergenos: any[]; }'.
app/(dashboard)/control-explotacion/cpr/page.tsx(372,35): error TS2339: Property 'personalSolicitadoCpr' does not exist on type 'Record<keyof CtaExplotacionObjetivos, string>'.
app/(dashboard)/control-explotacion/cpr/page.tsx(381,31): error TS2551: Property 'personalMice' does not exist on type 'Record<keyof CtaExplotacionObjetivos, string>'. Did you mean 'personal_mice'?
app/(dashboard)/control-explotacion/cpr/page.tsx(382,31): error TS2339: Property 'personalSolicitadoCpr' does not exist on type 'Record<keyof CtaExplotacionObjetivos, string>'.
app/(dashboard)/control-explotacion/cpr/ventaGastronomia/page.tsx(61,53): error TS2769: No overload matches this call.
  Overload 1 of 4, '(value: string | number | Date): Date', gave the following error.
    Argument of type 'string | Date | undefined' is not assignable to parameter of type 'string | number | Date'.
      Type 'undefined' is not assignable to type 'string | number | Date'.
  Overload 2 of 4, '(value: string | number): Date', gave the following error.
    Argument of type 'string | Date | undefined' is not assignable to parameter of type 'string | number'.
      Type 'undefined' is not assignable to type 'string | number'.
app/(dashboard)/control-explotacion/cpr/ventaGastronomia/page.tsx(78,62): error TS2339: Property 'costeMateriaPrima' does not exist on type '{ id: any; nombre: any; descripcionComercial: any; precioVenta: any; costeTeorico: any; estado: any; isArchived: any; visibleParaComerciales: boolean; responsableEscandallo: string; categoria: any; ... 10 more ...; alergenos: any[]; }'.
app/(dashboard)/control-explotacion/cpr/ventaGastronomia/page.tsx(80,33): error TS2322: Type 'string | Date' is not assignable to type 'string'.
  Type 'Date' is not assignable to type 'string'.
app/(dashboard)/cpr/excedentes/[id]/page.tsx(78,37): error TS2339: Property 'unidad' does not exist on type '{ id: any; nombre: any; partidaProduccion: any; unidadProduccion: any; instruccionesPreparacion: any; caducidadDias: any; costeUnitario: any; produccionTotal: any; requiereRevision: any; comentarioRevision: any; ... 7 more ...; componentes: { ...; }[]; }'.
app/(dashboard)/cpr/excedentes/[id]/page.tsx(99,37): error TS2339: Property 'unidad' does not exist on type '{ id: any; nombre: any; partidaProduccion: any; unidadProduccion: any; instruccionesPreparacion: any; caducidadDias: any; costeUnitario: any; produccionTotal: any; requiereRevision: any; comentarioRevision: any; ... 7 more ...; componentes: { ...; }[]; }'.
app/(dashboard)/cpr/excedentes/[id]/page.tsx(223,180): error TS2339: Property 'unidad' does not exist on type '{ id: any; nombre: any; partidaProduccion: any; unidadProduccion: any; instruccionesPreparacion: any; caducidadDias: any; costeUnitario: any; produccionTotal: any; requiereRevision: any; comentarioRevision: any; ... 7 more ...; componentes: { ...; }[]; }'.
app/(dashboard)/cpr/excedentes/page.tsx(69,11): error TS2322: Type '{ elaboracionId: any; elaboracionNombre: any; cantidadTotal: number; unidad: string | undefined; valoracion: number; caducidadProxima: string; estado: "Apto" | "Revisar"; }[]' is not assignable to type 'StockDisplayItem[]'.
  Type '{ elaboracionId: any; elaboracionNombre: any; cantidadTotal: number; unidad: string | undefined; valoracion: number; caducidadProxima: string; estado: "Apto" | "Revisar"; }' is not assignable to type 'StockDisplayItem'.
    Types of property 'unidad' are incompatible.
      Type 'string | undefined' is not assignable to type 'string'.
        Type 'undefined' is not assignable to type 'string'.
app/(dashboard)/cpr/excedentes/page.tsx(70,39): error TS2339: Property 'elaboracionId' does not exist on type '{ cantidadTotal: number; unidad?: string | undefined; lotes?: any[] | undefined; }'.
app/(dashboard)/cpr/excedentes/page.tsx(85,58): error TS2339: Property 'elaboracionId' does not exist on type '{ cantidadTotal: number; unidad?: string | undefined; lotes?: any[] | undefined; }'.
app/(dashboard)/cpr/excedentes/page.tsx(90,33): error TS2339: Property 'elaboracionId' does not exist on type '{ cantidadTotal: number; unidad?: string | undefined; lotes?: any[] | undefined; }'.
app/(dashboard)/cpr/informe-picking/page.tsx(77,60): error TS7006: Parameter 'e' implicitly has an 'any' type.
app/(dashboard)/cpr/informe-picking/page.tsx(213,47): error TS2769: No overload matches this call.
  Overload 1 of 4, '(value: string | number | Date): Date', gave the following error.
    Argument of type 'string | Date | undefined' is not assignable to parameter of type 'string | number | Date'.
      Type 'undefined' is not assignable to type 'string | number | Date'.
  Overload 2 of 4, '(value: string | number): Date', gave the following error.
    Argument of type 'string | Date | undefined' is not assignable to parameter of type 'string | number'.
      Type 'undefined' is not assignable to type 'string | number'.
app/(dashboard)/cpr/of/[id]/page.tsx(180,76): error TS7006: Parameter 'e' implicitly has an 'any' type.
app/(dashboard)/cpr/of/[id]/page.tsx(454,74): error TS7006: Parameter 'comp' implicitly has an 'any' type.
app/(dashboard)/cpr/picking/[id]/page.tsx(390,60): error TS7006: Parameter 'e' implicitly has an 'any' type.
app/(dashboard)/cpr/picking/[id]/page.tsx(440,48): error TS7006: Parameter 'elabEnReceta' implicitly has an 'any' type.
app/(dashboard)/cpr/picking/page.tsx(68,38): error TS7053: Element implicitly has an 'any' type because expression of type 'string' can't be used to index type '{}'.
  No index signature with a parameter of type 'string' was found on type '{}'.
app/(dashboard)/cpr/picking/page.tsx(97,56): error TS7006: Parameter 'elab' implicitly has an 'any' type.
app/(dashboard)/cpr/picking/page.tsx(108,40): error TS7053: Element implicitly has an 'any' type because expression of type 'string' can't be used to index type '{}'.
  No index signature with a parameter of type 'string' was found on type '{}'.
app/(dashboard)/cpr/picking/page.tsx(112,55): error TS7006: Parameter 'assignedLote' implicitly has an 'any' type.
app/(dashboard)/cpr/produccion/[id]/page.tsx(70,65): error TS7006: Parameter 'comp' implicitly has an 'any' type.
app/(dashboard)/cpr/produccion/[id]/page.tsx(211,74): error TS7006: Parameter 'comp' implicitly has an 'any' type.
app/(dashboard)/cpr/produccion/[id]/page.tsx(259,76): error TS7006: Parameter 'foto' implicitly has an 'any' type.
app/(dashboard)/cpr/produccion/[id]/page.tsx(259,82): error TS7006: Parameter 'index' implicitly has an 'any' type.
app/(dashboard)/cpr/produccion/[id]/page.tsx(354,67): error TS7006: Parameter 'comp' implicitly has an 'any' type.
app/(dashboard)/cpr/produccion/page.tsx(238,12): error TS7006: Parameter 'c' implicitly has an 'any' type.
app/(dashboard)/cpr/productividad/page.tsx(52,44): error TS2532: Object is possibly 'undefined'.
app/(dashboard)/cpr/productividad/page.tsx(52,75): error TS2532: Object is possibly 'undefined'.
app/(dashboard)/cpr/solicitud-personal/nueva/page.tsx(67,51): error TS2345: Argument of type '{ cantidad: number; fechaServicio: string; estado: "Solicitado"; categoria: string; horaInicio: string; horaFin: string; partida: "FRIO" | "CALIENTE" | "PASTELERIA" | "EXPEDICION"; motivo: string; fechaSolicitud: string; solicitadoPor: string; }' is not assignable to parameter of type 'Partial<SolicitudPersonalCPR> & { id: string; }'.
  Property 'id' is missing in type '{ cantidad: number; fechaServicio: string; estado: "Solicitado"; categoria: string; horaInicio: string; horaFin: string; partida: "FRIO" | "CALIENTE" | "PASTELERIA" | "EXPEDICION"; motivo: string; fechaSolicitud: string; solicitadoPor: string; }' but required in type '{ id: string; }'.
app/(dashboard)/cpr/validacion-horas/page.tsx(52,40): error TS2339: Property 'id' does not exist on type 'PersonalExterno'.
app/(dashboard)/cpr/validacion-horas/page.tsx(52,56): error TS2339: Property 'nombreCompleto' does not exist on type 'PersonalExterno'.
app/(dashboard)/cpr/validacion-horas/page.tsx(151,10): error TS2304: Cannot find name 'isMounted'.
app/(dashboard)/decoracion/pedido/page.tsx(156,75): error TS18049: 'evento' is possibly 'null' or 'undefined'.
app/(dashboard)/entregas/entrega/[id]/page.tsx(50,42): error TS2339: Property 'data' does not exist on type '{ id: any; osId: any; hitos: any; status: any; updatedAt: any; }'.
app/(dashboard)/entregas/entrega/[id]/page.tsx(76,41): error TS2339: Property 'data' does not exist on type '{ id: any; osId: any; hitos: any; status: any; updatedAt: any; }'.
app/(dashboard)/entregas/gestion-personal/[id]/page.tsx(289,5): error TS2304: Cannot find name 'setIsLoading'.
app/(dashboard)/entregas/gestion-personal/[id]/page.tsx(294,7): error TS2304: Cannot find name 'setIsLoading'.
app/(dashboard)/entregas/gestion-personal/[id]/page.tsx(317,13): error TS2353: Object literal may only specify known properties, and 'ajustes' does not exist in type 'Partial<PersonalEntrega>'.
app/(dashboard)/entregas/gestion-personal/[id]/page.tsx(321,9): error TS2304: Cannot find name 'setIsLoading'.
app/(dashboard)/entregas/gestion-personal/[id]/page.tsx(329,9): error TS2304: Cannot find name 'setIsLoading'.
app/(dashboard)/entregas/gestion-personal/[id]/page.tsx(359,26): error TS2304: Cannot find name 'proveedoresDB'.
app/(dashboard)/entregas/gestion-personal/[id]/page.tsx(359,45): error TS7006: Parameter 'p' implicitly has an 'any' type.
app/(dashboard)/entregas/gestion-personal/[id]/page.tsx(367,5): error TS2304: Cannot find name 'proveedoresDB'.
app/(dashboard)/entregas/gestion-personal/[id]/page.tsx(443,12): error TS2304: Cannot find name 'proveedoresDB'.
app/(dashboard)/entregas/gestion-personal/[id]/page.tsx(444,17): error TS7006: Parameter 'p' implicitly has an 'any' type.
app/(dashboard)/entregas/gestion-personal/[id]/page.tsx(445,14): error TS7006: Parameter 'p' implicitly has an 'any' type.
app/(dashboard)/entregas/gestion-personal/[id]/page.tsx(446,5): error TS2304: Cannot find name 'proveedoresDB'.
app/(dashboard)/entregas/gestion-personal/[id]/page.tsx(451,15): error TS7006: Parameter 'hito' implicitly has an 'any' type.
app/(dashboard)/entregas/gestion-personal/[id]/page.tsx(451,21): error TS7006: Parameter 'index' implicitly has an 'any' type.
app/(dashboard)/entregas/gestion-personal/[id]/page.tsx(452,17): error TS7006: Parameter 'h' implicitly has an 'any' type.
app/(dashboard)/entregas/gestion-personal/[id]/page.tsx(501,80): error TS2304: Cannot find name 'isLoading'.
app/(dashboard)/entregas/gestion-personal/[id]/page.tsx(502,34): error TS2304: Cannot find name 'isLoading'.
app/(dashboard)/entregas/gestion-personal/[id]/page.tsx(520,63): error TS7006: Parameter 'hito' implicitly has an 'any' type.
app/(dashboard)/entregas/gestion-personal/page.tsx(150,25): error TS2353: Object literal may only specify known properties, and 'personalAsignado' does not exist in type 'Partial<Entrega>'.
app/(dashboard)/entregas/pedido/[id]/page.tsx(300,39): error TS2304: Cannot find name 'useTiposTransporte'.
app/(dashboard)/entregas/pedido/[id]/page.tsx(475,32): error TS2339: Property 'data' does not exist on type '{ id: any; osId: any; hitos: any; status: any; updatedAt: any; }'.
app/(dashboard)/entregas/pedido/[id]/page.tsx(476,40): error TS2339: Property 'data' does not exist on type '{ id: any; osId: any; hitos: any; status: any; updatedAt: any; }'.
app/(dashboard)/entregas/pedido/[id]/page.tsx(585,37): error TS2304: Cannot find name 'useArticulos'.
app/(dashboard)/entregas/pedido/[id]/page.tsx(963,69): error TS2322: Type '{ asistentes: number; agencyPercentage: number; agencyCommissionValue: number; spacePercentage: number; spaceCommissionValue: number; comisionesAgencia: number; comisionesCanon: number; ... 16 more ...; tarifa?: "Empresa" | ... 1 more ... | undefined; }' is not assignable to type 'Partial<Entrega>'.
  Types of property 'status' are incompatible.
    Type '"Pendiente" | "Confirmado" | "Entregado" | "Borrador" | "Anulado" | "Enviado" | undefined' is not assignable to type '"Pendiente" | "Confirmado" | "Borrador" | "Anulado" | undefined'.
      Type '"Entregado"' is not assignable to type '"Pendiente" | "Confirmado" | "Borrador" | "Anulado" | undefined'.
app/(dashboard)/entregas/pedido/[id]/page.tsx(997,108): error TS2322: Type '{ asistentes: number; agencyPercentage: number; agencyCommissionValue: number; spacePercentage: number; spaceCommissionValue: number; comisionesAgencia: number; comisionesCanon: number; ... 16 more ...; tarifa?: "Empresa" | ... 1 more ... | undefined; }' is not assignable to type 'Partial<Entrega>'.
  Types of property 'status' are incompatible.
    Type '"Pendiente" | "Confirmado" | "Entregado" | "Borrador" | "Anulado" | "Enviado" | undefined' is not assignable to type '"Pendiente" | "Confirmado" | "Borrador" | "Anulado" | undefined'.
      Type '"Entregado"' is not assignable to type '"Pendiente" | "Confirmado" | "Borrador" | "Anulado" | undefined'.
app/(dashboard)/entregas/picking/[id]/page.tsx(90,76): error TS2345: Argument of type 'string | undefined' is not assignable to parameter of type 'string'.
  Type 'undefined' is not assignable to type 'string'.
app/(dashboard)/entregas/picking/[id]/page.tsx(125,17): error TS2322: Type 'string | undefined' is not assignable to type 'string'.
  Type 'undefined' is not assignable to type 'string'.
app/(dashboard)/entregas/picking/page.tsx(74,35): error TS7006: Parameter 'hito' implicitly has an 'any' type.
app/(dashboard)/entregas/picking/page.tsx(74,41): error TS7006: Parameter 'index' implicitly has an 'any' type.
app/(dashboard)/os/[numero_expediente]/alquiler/page.tsx(503,16): error TS2304: Cannot find name 'Archive'.
app/(dashboard)/os/[numero_expediente]/cta-explotacion/page.tsx(381,60): error TS2339: Property 'precio' does not exist on type 'MaterialOrder'.
app/(dashboard)/os/[numero_expediente]/cta-explotacion/page.tsx(389,53): error TS2339: Property 'find' does not exist on type 'PersonalExterno | PersonalExterno[]'.
  Property 'find' does not exist on type 'PersonalExterno'.
app/(dashboard)/os/[numero_expediente]/gastronomia/[briefingItemId]/page.tsx(251,5): error TS2353: Object literal may only specify known properties, and 'activationConstraint' does not exist in type 'Arguments'.
app/(dashboard)/os/[numero_expediente]/gastronomia/[briefingItemId]/page.tsx(415,13): error TS2345: Argument of type '{ items: GastronomyOrderItem[]; status: GastronomyOrderStatus; }' is not assignable to parameter of type '{ status: "Pendiente" | "Confirmado" | "Incidencia" | "Enviado"; items: { type: "separator" | "item"; nombre: string; id: string; quantity?: number | undefined; precioVenta?: number | undefined; comentarios?: string | undefined; costeMateriaPrima?: number | undefined; costeMateriaPrimaSnapshot?: number | undefined; ...'.
  Types of property 'status' are incompatible.
    Type 'GastronomyOrderStatus' is not assignable to type '"Pendiente" | "Confirmado" | "Incidencia" | "Enviado" | undefined'.
      Type '"En preparación"' is not assignable to type '"Pendiente" | "Confirmado" | "Incidencia" | "Enviado" | undefined'.
app/(dashboard)/os/[numero_expediente]/gastronomia/[briefingItemId]/page.tsx(427,7): error TS2353: Object literal may only specify known properties, and 'distance' does not exist in type 'AbstractPointerSensorOptions'.
app/(dashboard)/os/[numero_expediente]/gastronomia/[briefingItemId]/page.tsx(456,24): error TS2551: Property 'costeMateriaPrimaActual' does not exist on type 'Receta'. Did you mean 'costeMateriaPrima'?
app/(dashboard)/os/[numero_expediente]/gastronomia/[briefingItemId]/page.tsx(461,29): error TS2339: Property 'margenBrutoActual' does not exist on type 'Receta'.
app/(dashboard)/os/[numero_expediente]/gastronomia/[briefingItemId]/page.tsx(593,9): error TS2322: Type '"Pendiente" | "Confirmado" | "Incidencia" | "Enviado"' is not assignable to type 'GastronomyOrderStatus'.
  Type '"Confirmado"' is not assignable to type 'GastronomyOrderStatus'.
app/(dashboard)/os/[numero_expediente]/personal-externo/page.tsx(127,21): error TS2304: Cannot find name 'memo'.
app/(dashboard)/os/[numero_expediente]/personal-externo/page.tsx(128,23): error TS2304: Cannot find name 'useFormContext'.
app/(dashboard)/os/[numero_expediente]/personal-externo/page.tsx(223,27): error TS2304: Cannot find name 'memo'.
app/(dashboard)/os/[numero_expediente]/personal-externo/page.tsx(1314,88): error TS2304: Cannot find name 'totalAjustes'.
app/(dashboard)/os/[numero_expediente]/prueba-menu/page.tsx(166,43): error TS2769: No overload matches this call.
  Overload 1 of 4, '(value: string | number | Date): Date', gave the following error.
    Argument of type 'string | Date | undefined' is not assignable to parameter of type 'string | number | Date'.
      Type 'undefined' is not assignable to type 'string | number | Date'.
  Overload 2 of 4, '(value: string | number): Date', gave the following error.
    Argument of type 'string | Date | undefined' is not assignable to parameter of type 'string | number'.
      Type 'undefined' is not assignable to type 'string | number'.
app/(dashboard)/os/[numero_expediente]/prueba-menu/page.tsx(508,72): error TS2769: No overload matches this call.
  Overload 1 of 4, '(value: string | number | Date): Date', gave the following error.
    Argument of type 'string | Date | undefined' is not assignable to parameter of type 'string | number | Date'.
      Type 'undefined' is not assignable to type 'string | number | Date'.
  Overload 2 of 4, '(value: string | number): Date', gave the following error.
    Argument of type 'string | Date | undefined' is not assignable to parameter of type 'string | number'.
      Type 'undefined' is not assignable to type 'string | number'.
app/(dashboard)/os/almacen/page.tsx(151,46): error TS2345: Argument of type 'string' is not assignable to parameter of type '{ id: string; orderId?: string | undefined; }'.
app/(dashboard)/os/alquiler/page.tsx(151,40): error TS2345: Argument of type 'string' is not assignable to parameter of type '{ id: string; orderId?: string | undefined; }'.
app/(dashboard)/os/bio/page.tsx(266,40): error TS2345: Argument of type 'string' is not assignable to parameter of type '{ id: string; orderId?: string | undefined; }'.
app/(dashboard)/os/bodega/page.tsx(154,40): error TS2345: Argument of type 'string' is not assignable to parameter of type '{ id: string; orderId?: string | undefined; }'.
app/(dashboard)/os/bodega/page.tsx(253,75): error TS18049: 'item.price' is possibly 'null' or 'undefined'.
app/(dashboard)/os/bodega/page.tsx(288,58): error TS18049: 'item.price' is possibly 'null' or 'undefined'.
app/(dashboard)/os/bodega/page.tsx(312,64): error TS18049: 'item.price' is possibly 'null' or 'undefined'.
app/(dashboard)/os/bodega/page.tsx(354,71): error TS18049: 'item.price' is possibly 'null' or 'undefined'.
app/(dashboard)/os/bodega/page.tsx(398,80): error TS18049: 'item.price' is possibly 'null' or 'undefined'.
app/(dashboard)/os/comercial/page.tsx(167,40): error TS2551: Property 'agency_percentage' does not exist on type 'ServiceOrder'. Did you mean 'agencyPercentage'?
app/(dashboard)/os/comercial/page.tsx(168,39): error TS2551: Property 'space_percentage' does not exist on type 'ServiceOrder'. Did you mean 'spacePercentage'?
app/(dashboard)/os/comercial/page.tsx(169,45): error TS2551: Property 'agency_commission_value' does not exist on type 'ServiceOrder'. Did you mean 'agencyCommissionValue'?
app/(dashboard)/os/comercial/page.tsx(170,44): error TS2551: Property 'space_commission_value' does not exist on type 'ServiceOrder'. Did you mean 'spaceCommissionValue'?
app/(dashboard)/os/comercial/page.tsx(337,48): error TS2551: Property 'delivery_locations' does not exist on type 'ServiceOrder'. Did you mean 'deliveryLocations'?
app/(dashboard)/os/comercial/page.tsx(434,23): error TS2322: Type '{ options: any; value: string; onSelect: (value: string) => void; placeholder: string; }' is not assignable to type 'IntrinsicAttributes & ComboboxProps'.
  Property 'onSelect' does not exist on type 'IntrinsicAttributes & ComboboxProps'.
app/(dashboard)/os/hielo/page.tsx(123,47): error TS7053: Element implicitly has an 'any' type because expression of type 'any' can't be used to index type '{ Pendiente: "default" | "secondary" | "destructive" | "outline"; Confirmado: "default" | "secondary" | "destructive" | "outline"; Entregado: "default" | "secondary" | "destructive" | "outline"; "En reparto": "default" | ... 2 more ... | "outline"; }'.
app/(dashboard)/os/personal-externo/page.tsx(697,97): error TS2322: Type 'string | undefined' is not assignable to type 'string'.
  Type 'undefined' is not assignable to type 'string'.
app/(dashboard)/os/personal-externo/page.tsx(703,61): error TS2322: Type 'string | undefined' is not assignable to type 'string'.
  Type 'undefined' is not assignable to type 'string'.
app/(dashboard)/os/personal-mice/page.tsx(100,50): error TS2339: Property 'identificacion' does not exist on type 'EspacioV2'.
app/(dashboard)/os/personal-mice/page.tsx(101,26): error TS2339: Property 'identificacion' does not exist on type 'EspacioV2'.
app/(dashboard)/os/transporte/page.tsx(70,50): error TS2339: Property 'espacio' does not exist on type 'EspacioV2'.
app/(dashboard)/os/transporte/page.tsx(71,26): error TS2339: Property 'identificacion' does not exist on type 'EspacioV2'.
app/(dashboard)/pedidos/page.tsx(55,9): error TS2322: Type '{ itemCode: string; description: string; price: number | null | undefined; stock: number; imageUrl: string; imageHint: string; category: "Almacén" | "Gastronomía" | "Bio" | "Bebida" | "Alquiler" | "Otros"; ... 34 more ...; createdAt?: string | undefined; }[]' is not assignable to type 'CateringItem[]'.
  Type '{ itemCode: string; description: string; price: number | null | undefined; stock: number; imageUrl: string; imageHint: string; category: "Almacén" | "Gastronomía" | "Bio" | "Bebida" | "Alquiler" | "Otros"; ... 34 more ...; createdAt?: string; }' is not assignable to type 'CateringItem'.
    Types of property 'tipo' are incompatible.
      Type 'string | null | undefined' is not assignable to type 'string | undefined'.
        Type 'null' is not assignable to type 'string | undefined'.
app/(dashboard)/pedidos/page.tsx(72,9): error TS2322: Type '{ itemCode: string; description: string; price: number | null | undefined; stock: number; imageUrl: string; imageHint: string; tipo: string | null | undefined; unidadVenta: number | null | undefined; ... 33 more ...; createdAt?: string | undefined; }[]' is not assignable to type 'CateringItem[]'.
  Type '{ itemCode: string; description: string; price: number | null | undefined; stock: number; imageUrl: string; imageHint: string; tipo: string | null | undefined; unidadVenta: number | null | undefined; ... 33 more ...; createdAt?: string; }' is not assignable to type 'CateringItem'.
    Types of property 'tipo' are incompatible.
      Type 'string | null | undefined' is not assignable to type 'string | undefined'.
        Type 'null' is not assignable to type 'string | undefined'.
app/(dashboard)/pedidos/page.tsx(182,13): error TS2561: Object literal may only specify known properties, but 'delivery_locations' does not exist in type 'Partial<ServiceOrder> & { id: string; }'. Did you mean to write 'deliveryLocations'?
app/(dashboard)/pedidos/page.tsx(312,17): error TS2322: Type 'ServiceOrder | null | undefined' is not assignable to type 'ServiceOrder | null'.
  Type 'undefined' is not assignable to type 'ServiceOrder | null'.
app/(dashboard)/personal-mice/page.tsx(83,35): error TS2769: No overload matches this call.
  Overload 1 of 4, '(value: string | number | Date): Date', gave the following error.
    Argument of type 'string | Date | undefined' is not assignable to parameter of type 'string | number | Date'.
      Type 'undefined' is not assignable to type 'string | number | Date'.
  Overload 2 of 4, '(value: string | number): Date', gave the following error.
    Argument of type 'string | Date | undefined' is not assignable to parameter of type 'string | number'.
      Type 'undefined' is not assignable to type 'string | number'.
app/(dashboard)/pes/page.tsx(231,25): error TS2339: Property 'localeCompare' does not exist on type 'string | Date'.
  Property 'localeCompare' does not exist on type 'Date'.
app/(dashboard)/portal/albaran/[id]/page.tsx(59,52): error TS7006: Parameter 'h' implicitly has an 'any' type.
app/(dashboard)/portal/albaran/[id]/page.tsx(63,66): error TS7006: Parameter 'h' implicitly has an 'any' type.
app/(dashboard)/portal/albaran/[id]/page.tsx(306,67): error TS2322: Type '{ ref: (ref: any) => void; penColor: string; canvasProps: { className: string; }; }' is not assignable to type 'IntrinsicAttributes & ReactSignatureCanvasProps'.
  Property 'ref' does not exist on type 'IntrinsicAttributes & ReactSignatureCanvasProps'.
app/(dashboard)/portal/albaran/[id]/page.tsx(306,73): error TS7006: Parameter 'ref' implicitly has an 'any' type.
app/(dashboard)/portal/gestion-accesos/[id]/page.tsx(19,78): error TS2307: Cannot find module '@/components/accordion' or its corresponding type declarations.
app/(dashboard)/portal/gestion-accesos/[id]/page.tsx(103,13): error TS2304: Cannot find name 'LoadingSkeleton'.
app/(dashboard)/portal/partner/page.tsx(144,21): error TS2339: Property 'data' does not exist on type '{ id: any; osId: any; hitos: any; status: any; updatedAt: any; }'.
app/(dashboard)/portal/personal/page.tsx(485,25): error TS2322: Type '(PersonalExternoTurno | { asignaciones: AsignacionPersonal[]; statusPartner: string; id: string; proveedorId: string; categoria: string; precioHora: number; ... 6 more ...; requiereActualizacion?: boolean | undefined; })[]' is not assignable to type 'PersonalExternoTurno[]'.
  Type 'PersonalExternoTurno | { asignaciones: AsignacionPersonal[]; statusPartner: string; id: string; proveedorId: string; categoria: string; precioHora: number; ... 6 more ...; requiereActualizacion?: boolean | undefined; }' is not assignable to type 'PersonalExternoTurno'.
    Type '{ asignaciones: AsignacionPersonal[]; statusPartner: string; id: string; proveedorId: string; categoria: string; precioHora: number; fecha: string; horaEntrada: string; ... 4 more ...; requiereActualizacion?: boolean; }' is not assignable to type 'PersonalExternoTurno'.
      Types of property 'statusPartner' are incompatible.
        Type 'string' is not assignable to type '"Pendiente Asignación" | "Gestionado"'.
app/(dashboard)/portal/transporte/page.tsx(94,56): error TS7006: Parameter 'h' implicitly has an 'any' type.
app/(dashboard)/portal/transporte/page.tsx(95,66): error TS7006: Parameter 'h' implicitly has an 'any' type.
app/(dashboard)/portal/transporte/page.tsx(155,13): error TS2304: Cannot find name 'toast'.
app/(dashboard)/portal/transporte/page.tsx(161,17): error TS2353: Object literal may only specify known properties, and 'user' does not exist in type 'PortalUser | { userId: string; userName: string; action: string; details: string; severity?: string | undefined; entity?: string | undefined; entityId?: string | undefined; }'.
app/(dashboard)/portal/transporte/page.tsx(168,13): error TS2304: Cannot find name 'toast'.
app/(dashboard)/rrhh/analitica/externos/page.tsx(110,51): error TS2339: Property 'flatMap' does not exist on type 'PersonalExterno | PersonalExterno[]'.
  Property 'flatMap' does not exist on type 'PersonalExterno'.
app/(dashboard)/rrhh/analitica/externos/page.tsx(110,59): error TS7006: Parameter 'p' implicitly has an 'any' type.
app/(dashboard)/rrhh/analitica/externos/page.tsx(110,77): error TS7006: Parameter 't' implicitly has an 'any' type.
app/(dashboard)/rrhh/analitica/externos/page.tsx(144,28): error TS2339: Property 'forEach' does not exist on type 'PersonalExterno | PersonalExterno[]'.
  Property 'forEach' does not exist on type 'PersonalExterno'.
app/(dashboard)/rrhh/analitica/externos/page.tsx(144,36): error TS7006: Parameter 'pedido' implicitly has an 'any' type.
app/(dashboard)/rrhh/analitica/externos/page.tsx(146,51): error TS2769: No overload matches this call.
  Overload 1 of 4, '(value: string | number | Date): Date', gave the following error.
    Argument of type 'string | Date | undefined' is not assignable to parameter of type 'string | number | Date'.
      Type 'undefined' is not assignable to type 'string | number | Date'.
  Overload 2 of 4, '(value: string | number): Date', gave the following error.
    Argument of type 'string | Date | undefined' is not assignable to parameter of type 'string | number'.
      Type 'undefined' is not assignable to type 'string | number'.
app/(dashboard)/rrhh/analitica/externos/page.tsx(149,35): error TS7006: Parameter 'turno' implicitly has an 'any' type.
app/(dashboard)/rrhh/analitica/externos/page.tsx(155,52): error TS7006: Parameter 'asig' implicitly has an 'any' type.
components/__tests__/hooks.test.ts(25,35): error TS2339: Property 'numero_expediente' does not exist on type 'ServiceOrder'.
components/book/analitica/item-history-modal.tsx(70,30): error TS2322: Type 'EscandalloSnapshot[]' is not assignable to type '{ fecha: string; precio: number; cantidad: number; }[]'.
  Type 'EscandalloSnapshot' is not assignable to type '{ fecha: string; precio: number; cantidad: number; }'.
    Types of property 'cantidad' are incompatible.
      Type 'number | undefined' is not assignable to type 'number'.
        Type 'undefined' is not assignable to type 'number'.
components/book/ElaboracionForm.tsx(257,18): error TS2304: Cannot find name 'DialogDescription'.
components/book/ElaboracionForm.tsx(259,19): error TS2304: Cannot find name 'DialogDescription'.
components/book/ElaboracionForm.tsx(347,18): error TS2304: Cannot find name 'DialogDescription'.
components/book/ElaboracionForm.tsx(349,19): error TS2304: Cannot find name 'DialogDescription'.
components/calendar/day-expanded-bottom-sheet.tsx(157,12): error TS2304: Cannot find name 'SheetHeader'.
components/calendar/day-expanded-bottom-sheet.tsx(158,14): error TS2304: Cannot find name 'SheetTitle'.
components/calendar/day-expanded-bottom-sheet.tsx(158,42): error TS2304: Cannot find name 'SheetTitle'.
components/calendar/day-expanded-bottom-sheet.tsx(159,14): error TS2304: Cannot find name 'SheetDescription'.
components/calendar/day-expanded-bottom-sheet.tsx(161,15): error TS2304: Cannot find name 'SheetDescription'.
components/calendar/day-expanded-bottom-sheet.tsx(162,13): error TS2304: Cannot find name 'SheetHeader'.
components/calendar/day-expanded-bottom-sheet.tsx(173,10): error TS2304: Cannot find name 'DialogDescription'.
components/calendar/day-expanded-bottom-sheet.tsx(175,11): error TS2304: Cannot find name 'DialogDescription'.
components/catalog/item-card.tsx(46,14): error TS18049: 'item.price' is possibly 'null' or 'undefined'.
components/catalog/item-list-item.tsx(72,12): error TS18049: 'item.price' is possibly 'null' or 'undefined'.
components/entregas/delivery-order-summary.tsx(146,36): error TS18048: 'hito.portes' is possibly 'undefined'.
components/entregas/delivery-order-summary.tsx(146,55): error TS18048: 'hito.horasCamarero' is possibly 'undefined'.
components/order/order-summary.tsx(98,46): error TS18049: 'item.price' is possibly 'null' or 'undefined'.
components/order/order-summary.tsx(181,26): error TS18049: 'item.price' is possibly 'null' or 'undefined'.
components/order/order-summary.tsx(309,61): error TS18049: 'item.price' is possibly 'null' or 'undefined'.
components/os/gastronomia/receta-selector.tsx(100,46): error TS2802: Type 'Set<string>' can only be iterated through when using the '--downlevelIteration' flag or with a '--target' of 'es2015' or higher.
components/os/objective-display.tsx(62,142): error TS2339: Property 'name' does not exist on type 'ObjetivosGasto'.
components/os/objective-display.tsx(68,15): error TS2367: This comparison appears to be unintentional because the types 'keyof CtaExplotacionObjetivos' and '"personalExterno"' have no overlap.
components/os/objective-display.tsx(90,20): error TS2678: Type '"hielo"' is not comparable to type 'keyof CtaExplotacionObjetivos'.
components/settings-dialog.tsx(75,18): error TS2554: Expected 0 arguments, but got 1.
hooks/__tests__/useModuleData.test.ts(30,9): error TS2322: Type '<Query extends string = "*", ResultOne = ParseQuery<Query> extends infer ParsedQuery ? ParsedQuery extends Node[] ? TableName extends string ? ProcessNodesWithoutSchema<...> : any : ParsedQuery : any>() => PostgrestQueryBuilder<...>' is not assignable to type '(<Query extends string = "*", ResultOne = ParseQuery<Query> extends infer ParsedQuery ? ParsedQuery extends Node[] ? TableName extends string ? ProcessNodesWithoutSchema<...> : any : ParsedQuery : any>(columns?: Query | undefined, options?: { ...; } | undefined) => PostgrestFilterBuilder<...>) | (<Query extends stri...'.
  Type '<Query extends string = "*", ResultOne = ParseQuery<Query> extends infer ParsedQuery ? ParsedQuery extends Node[] ? TableName extends string ? ProcessNodesWithoutSchema<...> : any : ParsedQuery : any>() => PostgrestQueryBuilder<...>' is not assignable to type '<Query extends string = "*", ResultOne = ParseQuery<Query> extends infer ParsedQuery ? ParsedQuery extends Node[] ? TableName extends string ? ProcessNodesWithoutSchema<...> : any : ParsedQuery : any>(columns?: Query | undefined, options?: { ...; } | undefined) => PostgrestFilterBuilder<...>'.
    Type 'PostgrestQueryBuilder<any, any, Table, TableName, Table extends { Relationships: infer R; } ? R : unknown>' is missing the following properties from type 'PostgrestFilterBuilder<any, any, Table["Row"], ResultOne[], TableName, Table extends { Relationships: infer R; } ? R : unknown, "GET">': eq, neq, gt, gte, and 46 more.
hooks/__tests__/useOS.test.ts(7,7): error TS2739: Type '{ id: string; serviceNumber: string; client: string; finalClient: string; contact: string; phone: string; asistentes: number; space: string; spaceAddress: string; spaceContact: string; spacePhone: string; ... 22 more ...; spacePercentage: number; }' is missing the following properties from type 'ServiceOrder': facturacion, plane, comments, status
hooks/__tests__/useOS.test.ts(69,9): error TS2322: Type '<Query extends string = "*", ResultOne = ParseQuery<Query> extends infer ParsedQuery ? ParsedQuery extends Node[] ? TableName extends string ? ProcessNodesWithoutSchema<...> : any : ParsedQuery : any>() => PostgrestQueryBuilder<...>' is not assignable to type '(<Query extends string = "*", ResultOne = ParseQuery<Query> extends infer ParsedQuery ? ParsedQuery extends Node[] ? TableName extends string ? ProcessNodesWithoutSchema<...> : any : ParsedQuery : any>(columns?: Query | undefined, options?: { ...; } | undefined) => PostgrestFilterBuilder<...>) | (<Query extends stri...'.
  Type '<Query extends string = "*", ResultOne = ParseQuery<Query> extends infer ParsedQuery ? ParsedQuery extends Node[] ? TableName extends string ? ProcessNodesWithoutSchema<...> : any : ParsedQuery : any>() => PostgrestQueryBuilder<...>' is not assignable to type '<Query extends string = "*", ResultOne = ParseQuery<Query> extends infer ParsedQuery ? ParsedQuery extends Node[] ? TableName extends string ? ProcessNodesWithoutSchema<...> : any : ParsedQuery : any>(columns?: Query | undefined, options?: { ...; } | undefined) => PostgrestFilterBuilder<...>'.
    Type 'PostgrestQueryBuilder<any, any, Table, TableName, Table extends { Relationships: infer R; } ? R : unknown>' is missing the following properties from type 'PostgrestFilterBuilder<any, any, Table["Row"], ResultOne[], TableName, Table extends { Relationships: infer R; } ? R : unknown, "GET">': eq, neq, gt, gte, and 46 more.
hooks/mutations/use-material-mutations.ts(25,28): error TS18049: 'item.item.price' is possibly 'null' or 'undefined'.
hooks/mutations/use-personal-entrega-mutations.ts(99,47): error TS2339: Property 'ajustes' does not exist on type 'Partial<PersonalEntrega>'.
hooks/mutations/use-personal-entrega-mutations.ts(116,47): error TS2339: Property 'ajustes' does not exist on type 'Partial<PersonalEntrega>'.
hooks/use-assignable-personal.ts(47,12): error TS2339: Property 'filter' does not exist on type 'PersonalExterno | PersonalExterno[]'.
  Property 'filter' does not exist on type 'PersonalExterno'.
hooks/use-cpr-data.ts(215,20): error TS2304: Cannot find name 'Elaboracion'.
hooks/use-cpr-data.ts(498,23): error TS2339: Property 'checkedItems' does not exist on type 'Partial<PickingState> & { osId: string; }'.
hooks/use-cpr-data.ts(498,84): error TS2339: Property 'checkedItems' does not exist on type 'Partial<PickingState> & { osId: string; }'.
hooks/use-cpr-of-logic.ts(372,17): error TS2322: Type 'string | undefined' is not assignable to type 'string'.
  Type 'undefined' is not assignable to type 'string'.
hooks/use-data-queries.ts(2294,21): error TS2783: 'id' is specified more than once, so this usage will be overwritten.
hooks/use-data-store.ts(861,19): error TS2322: Type '{ serviceOrders: ServiceOrder[]; entregas: Entrega[]; comercialBriefings: never[]; pedidosEntrega: PedidoEntrega[]; gastronomyOrders: GastronomyOrder[]; ... 49 more ...; precios: never[]; }' is not assignable to type '{ serviceOrders: ServiceOrder[]; entregas: Entrega[]; comercialBriefings: ComercialBriefing[]; pedidosEntrega: PedidoEntrega[]; ... 50 more ...; precios: Precio[]; }'.
  Types of property 'tipoServicio' are incompatible.
    Type '{ id: any; nombre: any; descripcion: any; }[]' is not assignable to type 'TipoServicio[]'.
      Property 'servicio' is missing in type '{ id: any; nombre: any; descripcion: any; }' but required in type 'TipoServicio'.
hooks/use-escandallo-analytics-mejorado.ts(235,67): error TS2802: Type 'MapIterator<string>' can only be iterated through when using the '--downlevelIteration' flag or with a '--target' of 'es2015' or higher.
hooks/use-material-module-data.ts(44,32): error TS2352: Conversion of type '{ id: any; osId: any; status: any; items: any; createdAt: any; updatedAt: any; }[]' to type 'PickingSheet[]' may be a mistake because neither type sufficiently overlaps with the other. If this was intentional, convert the expression to 'unknown' first.
  Property 'fechaNecesidad' is missing in type '{ id: any; osId: any; status: any; items: any; createdAt: any; updatedAt: any; }' but required in type 'PickingSheet'.
middleware.ts(123,13): error TS18048: 'res' is possibly 'undefined'.
middleware.ts(124,30): error TS18048: 'res' is possibly 'undefined'.
middleware.ts(159,13): error TS2769: No overload matches this call.
  Overload 2 of 2, '(supabaseUrl: string, supabaseKey: string, options: SupabaseClientOptions<"public"> & { cookieOptions?: CookieOptionsWithName | undefined; cookies: CookieMethodsServer; cookieEncoding?: "raw" | ... 1 more ... | undefined; }): SupabaseClient<...>', gave the following error.
    Type '(input: URL | RequestInfo, init: RequestInit | undefined) => Promise<Response | undefined>' is not assignable to type '{ (input: URL | RequestInfo, init?: RequestInit | undefined): Promise<Response>; (input: string | URL | Request, init?: RequestInit | undefined): Promise<...>; }'.
      Type 'Promise<Response | undefined>' is not assignable to type 'Promise<Response>'.
        Type 'Response | undefined' is not assignable to type 'Response'.
          Type 'undefined' is not assignable to type 'Response'.
vite.config.ts(2,27): error TS2307: Cannot find module 'vite-tsconfig-paths' or its corresponding type declarations.
vite.config.ts(3,19): error TS2307: Cannot find module '@vitejs/plugin-react' or its corresponding type declarations.
vite.config.ts(7,3): error TS2769: No overload matches this call.
  The last overload gave the following error.
    Object literal may only specify known properties, and 'test' does not exist in type 'UserConfigExport'.
